eval ""
eval ""
eval "$(starship init zsh)"
eval "$(starship init zsh)"
eval "$(starship init zsh)"
eval "$(starship init zsh)"
